---------- TEST CLIENT DATA ----------
---------- TEST CLIENT DATA: PASSED ----------

---------- TEST REGISTER COMMAND ----------
---------- TEST REGISTER COMMAND: PASSED ----------

---------- TEST LOGIN COMMAND ----------
---------- TEST LOGIN COMMAND: PASSED ----------

---------- TEST GET BOOK COMMAND ----------
---------- TEST GET BOOK COMMAND: PASSED ----------

---------- TEST ADD BOOK COMMAND ----------
---------- TEST ADD BOOK COMMAND: PASSED ----------

---------- TEST DELETE BOOK COMMAND ----------
---------- TEST DELETE BOOK COMMAND: PASSED ----------

key: value
Cookie:
	Number of fields: 3
	Field 0: connect.sid=s%3Av-h--chmE7lx-WWdMi1ZuYvaQu0o7oFd.%2Ft7MGSAaEsN17ktOWUVrlyyLBr2AOFhU6nIKODy0U5Y;
	Field 1: Path=/;
	Field 2: HttpOnly
