username=password=The username iuliadmtru is taken!
username=password=Credentials are not good!
username=password=200 - OK - Login successful!
username=password=400 - ERROR - Already logged in!
200 - OK - Logout successful!
400 - ERROR - Not logged in!
username=password=200 - OK - Login successful!
200 - OK - Access permitted!
200 - OK - Logout successful!
400 - ERROR - Not logged in!
username=password=200 - OK - Login successful!
200 - OK - Access permitted!
[
    {
        "id": 8585,
        "title": "\"GGGG HHH\"\n"
    },
    {
        "id": 8559,
        "title": "XXX"
    },
    {
        "id": 8569,
        "title": "\"Test"
    },
    {
        "id": 8586,
        "title": "MNNN BGB\n"
    },
    {
        "id": 8548,
        "title": "f"
    },
    {
        "id": 8570,
        "title": "\n"
    },
    {
        "id": 8514,
        "title": "alexplozia"
    },
    {
        "id": 8515,
        "title": "a"
    },
    {
        "id": 8550,
        "title": "d"
    },
    {
        "id": 8581,
        "title": "s"
    },
    {
        "id": 8536,
        "title": "a"
    },
    {
        "id": 8537,
        "title": "wrong"
    },
    {
        "id": 8565,
        "title": "doamne"
    },
    {
        "id": 8604,
        "title": "fd"
    },
    {
        "id": 8607,
        "title": "f"
    },
    {
        "id": 9196,
        "title": "a"
    },
    {
        "id": 9203,
        "title": "a"
    },
    {
        "id": 9204,
        "title": "WUV U"
    }
]
